C51 COMPILER V9.60.7.0   LCD                                                               08/14/2023 16:59:01 PAGE 1   


C51 COMPILER V9.60.7.0, COMPILATION OF MODULE LCD
OBJECT MODULE PLACED IN .\Objects\LCD.obj
COMPILER INVOKED BY: C:\Keil_v5\C51\BIN\C51.EXE LCD.c OPTIMIZE(8,SPEED) BROWSE DEBUG OBJECTEXTEND PRINT(.\Listings\LCD.l
                    -st) TABS(2) OBJECT(.\Objects\LCD.obj)

line level    source

   1          #include <REGX52.H>
   2          #include <LCD.H>
   3          
   4          void delay_ms(int ms){
   5   1        TMOD = 0x01;
   6   1        while(ms--){
   7   2          TH0 = 0xFC;
   8   2          TL0 = 0x18;
   9   2          TR0 = 1;
  10   2          while(!TF0);
  11   2          TR0 = 0;
  12   2          TF0 = 0;
  13   2        }
  14   1        TMOD &= 0x00;
  15   1      }
  16          
  17          void led_display(int choice){ 
  18   1        switch (choice){
  19   2          case light_Odd:
  20   2                  led_name_N1 = 0;
  21   2                  led_name_T  = 1;
  22   2                  led_name_Q  = 0;
  23   2                  led_name_U  = 1;
  24   2                  led_name_A  = 0;
  25   2                  led_name_N2 = 1;
  26   2                  led_name_G  = 0;
  27   2          break;
  28   2          case light_Even:
  29   2                  led_name_N1 = 1;
  30   2                  led_name_T  = 0;
  31   2                  led_name_Q  = 1;
  32   2                  led_name_U  = 0;
  33   2                  led_name_A  = 1;
  34   2                  led_name_N2 = 0;
  35   2                  led_name_G  = 1;
  36   2          break;
  37   2          default: break;
  38   2        }     
  39   1      }
  40          void lcd_init(){
  41   1        lcd_cmd(lcd_clear);
  42   1        lcd_cmd(lcd_5x7);
  43   1        lcd_cmd(lcd_display_screen_and_turnOff_ptr);
  44   1      }
  45          
  46          void lcd_cmd(unsigned char cmd){
  47   1        lcd_data = cmd;
  48   1        lcd_rs   = 0;
  49   1        lcd_en   = 1;
  50   1        lcd_en   = 0;
  51   1        cmd <= 0x02 ? delay_ms(2):delay_ms(1);
  52   1      }
  53          
  54          void lcd_chr_cp (char c){
C51 COMPILER V9.60.7.0   LCD                                                               08/14/2023 16:59:01 PAGE 2   

  55   1        lcd_rs   = 1;
  56   1        lcd_data = c;
  57   1        lcd_en   = 0;
  58   1        lcd_en   = 1;
  59   1        c <= 0x02 ? delay_ms(2):delay_ms(1);
  60   1      }
  61          
  62          void lcd_str_cp(char *str){
  63   1        unsigned char i = 0;
  64   1        while(str[i]!=0){
  65   2          lcd_chr_cp(str[i]);
  66   2          i++;
  67   2        }
  68   1      }
  69          
  70          void lcd_gotoxy(int rows,int col){
  71   1        int result;
  72   1        col -= 1;
  73   1        if(rows == 1){
  74   2          result = 0x80 + col;
  75   2        }
  76   1        if(rows == 2){
  77   2          result = 0xC0 + col;
  78   2        }
  79   1        lcd_cmd(result);
  80   1      }


MODULE INFORMATION:   STATIC OVERLAYABLE
   CODE SIZE        =    212    ----
   CONSTANT SIZE    =   ----    ----
   XDATA SIZE       =   ----    ----
   PDATA SIZE       =   ----    ----
   DATA SIZE        =   ----       3
   IDATA SIZE       =   ----    ----
   BIT SIZE         =   ----    ----
END OF MODULE INFORMATION.


C51 COMPILATION COMPLETE.  0 WARNING(S),  0 ERROR(S)
